image slide: 0x4b7c000
root-orbit-split: board is σ-symmetric; searching one representative per σ-orbit of the root's children
cWD: mmapping data/cwd_mm.bin…
cwd-lm2: mmapping data/cwd_lm_mm.bin…
cWD ready: fast single-line-max table path, neighbor-prune ON
flat engine: iterative arena, move-pruning DFA 41396 states, 687 KiB
parallel: tree-splitting driver on 8 rayon workers (RAYON_NUM_THREADS to change)
[13:12:20.052 UTC] search: start  (setup 1.44s)
    lm2joint[live]: consults 2841 (+2841), misses 2590 (+2590), keys 2581, prunes 68, fallbacks 293
    lm2joint[live]: consults 5798 (+2957), misses 4734 (+2144), keys 4725, prunes 168, fallbacks 556
    lm2joint[live]: consults 9595 (+3797), misses 6661 (+1927), keys 6651, prunes 334, fallbacks 808
    lm2joint[live]: consults 13972 (+4377), misses 8723 (+2062), keys 8713, prunes 550, fallbacks 1062
    lm2joint[live]: consults 16894 (+2922), misses 10405 (+1682), keys 10395, prunes 647, fallbacks 1360
    lm2joint[live]: consults 19999 (+3105), misses 11969 (+1564), keys 11959, prunes 853, fallbacks 1642
    lm2joint[live]: consults 25749 (+5750), misses 13902 (+1933), keys 13892, prunes 1165, fallbacks 1917
    lm2joint[live]: consults 31199 (+5450), misses 15664 (+1762), keys 15653, prunes 1377, fallbacks 2177
    lm2joint[live]: consults 39362 (+8163), misses 17596 (+1932), keys 17584, prunes 1703, fallbacks 2428
    lm2joint[live]: consults 47216 (+7854), misses 19279 (+1683), keys 19267, prunes 2049, fallbacks 2690
    lm2joint[live]: consults 52467 (+5251), misses 20842 (+1563), keys 20830, prunes 2431, fallbacks 2975
    lm2joint[live]: consults 59922 (+7455), misses 22650 (+1808), keys 22636, prunes 3019, fallbacks 3212
    lm2joint[live]: consults 66356 (+6434), misses 24573 (+1923), keys 24559, prunes 3306, fallbacks 3450
    lm2joint[live]: consults 75929 (+9573), misses 26506 (+1933), keys 26492, prunes 3763, fallbacks 3720
    lm2joint[live]: consults 86573 (+10644), misses 28456 (+1950), keys 28442, prunes 4435, fallbacks 3980
    lm2joint[live]: consults 98544 (+11971), misses 30862 (+2406), keys 30847, prunes 5267, fallbacks 4207
    lm2joint[live]: consults 116550 (+18006), misses 32684 (+1822), keys 32669, prunes 6130, fallbacks 4444
    lm2joint[live]: consults 129461 (+12911), misses 34711 (+2027), keys 34696, prunes 6758, fallbacks 4666
    lm2joint[live]: consults 146750 (+17289), misses 36554 (+1843), keys 36539, prunes 7429, fallbacks 4911
    lm2joint[live]: consults 172026 (+25276), misses 39125 (+2571), keys 39109, prunes 8580, fallbacks 5127
    lm2joint[live]: consults 188247 (+16221), misses 41342 (+2217), keys 41326, prunes 9340, fallbacks 5339
    lm2joint[live]: consults 207810 (+19563), misses 43393 (+2051), keys 43377, prunes 10035, fallbacks 5618
    lm2joint[live]: consults 222036 (+14226), misses 44840 (+1447), keys 44824, prunes 10853, fallbacks 5891
    lm2joint[live]: consults 237102 (+15066), misses 46373 (+1533), keys 46357, prunes 11749, fallbacks 6143
    lm2joint[live]: consults 263759 (+26657), misses 48211 (+1838), keys 48195, prunes 12730, fallbacks 6383
    lm2joint[live]: consults 285267 (+21508), misses 49894 (+1683), keys 49878, prunes 13952, fallbacks 6583
    lm2joint[live]: consults 305063 (+19796), misses 51256 (+1362), keys 51240, prunes 15232, fallbacks 6817
    lm2joint[live]: consults 317220 (+12157), misses 52811 (+1555), keys 52795, prunes 15880, fallbacks 7078
    lm2joint[live]: consults 335018 (+17798), misses 54624 (+1813), keys 54608, prunes 16831, fallbacks 7283
    lm2joint[live]: consults 354749 (+19731), misses 56357 (+1733), keys 56337, prunes 17715, fallbacks 7509
    lm2joint[live]: consults 377801 (+23052), misses 58158 (+1801), keys 58138, prunes 18635, fallbacks 7695
    lm2joint[live]: consults 402866 (+25065), misses 59984 (+1826), keys 59964, prunes 19928, fallbacks 7883
    lm2joint[live]: consults 416715 (+13849), misses 61357 (+1373), keys 61337, prunes 20809, fallbacks 8115
    lm2joint[live]: consults 423598 (+6883), misses 62600 (+1243), keys 62579, prunes 21367, fallbacks 8333
    lm2joint[live]: consults 434832 (+11234), misses 63734 (+1134), keys 63713, prunes 21965, fallbacks 8536
    lm2joint[live]: consults 444906 (+10074), misses 64836 (+1102), keys 64815, prunes 22836, fallbacks 8739
    lm2joint[live]: consults 464289 (+19383), misses 66284 (+1448), keys 66263, prunes 23906, fallbacks 8946
    lm2joint[live]: consults 484701 (+20412), misses 67746 (+1462), keys 67725, prunes 25121, fallbacks 9085
    lm2joint[live]: consults 515561 (+30860), misses 69249 (+1503), keys 69228, prunes 26943, fallbacks 9243
    lm2joint[live]: consults 532548 (+16987), misses 70272 (+1023), keys 70251, prunes 27839, fallbacks 9479
    lm2joint[live]: consults 546030 (+13482), misses 71055 (+783), keys 71034, prunes 28567, fallbacks 9701
    lm2joint[live]: consults 563963 (+17933), misses 72369 (+1314), keys 72348, prunes 29573, fallbacks 9947
    lm2joint[live]: consults 594092 (+30129), misses 73774 (+1405), keys 73753, prunes 31586, fallbacks 10253
    lm2joint[live]: consults 630651 (+36559), misses 75774 (+2000), keys 75753, prunes 33665, fallbacks 10522
    lm2joint[live]: consults 694020 (+63369), misses 77855 (+2081), keys 77832, prunes 37017, fallbacks 10765
    lm2joint[live]: consults 731219 (+37199), misses 79679 (+1824), keys 79656, prunes 39304, fallbacks 11022
    lm2joint[live]: consults 800801 (+69582), misses 81430 (+1751), keys 81407, prunes 42477, fallbacks 11304
    lm2joint[live]: consults 854518 (+53717), misses 83221 (+1791), keys 83198, prunes 45786, fallbacks 11578
    lm2joint[live]: consults 887632 (+33114), misses 84907 (+1686), keys 84884, prunes 47953, fallbacks 11823
    lm2joint[live]: consults 918899 (+31267), misses 86588 (+1681), keys 86565, prunes 50660, fallbacks 12095
    lm2joint[live]: consults 972326 (+53427), misses 88461 (+1873), keys 88438, prunes 55236, fallbacks 12346
    lm2joint[live]: consults 1010264 (+37938), misses 89996 (+1535), keys 89973, prunes 59345, fallbacks 12612
    lm2joint[live]: consults 1053127 (+42863), misses 91619 (+1623), keys 91596, prunes 62629, fallbacks 12860
    lm2joint[live]: consults 1134471 (+81344), misses 93637 (+2018), keys 93614, prunes 66506, fallbacks 13091
    lm2joint[live]: consults 1191708 (+57237), misses 95253 (+1616), keys 95230, prunes 70070, fallbacks 13382
    lm2joint[live]: consults 1235905 (+44197), misses 96876 (+1623), keys 96853, prunes 72973, fallbacks 13688
    lm2joint[live]: consults 1310713 (+74808), misses 98875 (+1999), keys 98852, prunes 77228, fallbacks 13948
    lm2joint[live]: consults 1362716 (+52003), misses 100597 (+1722), keys 100574, prunes 80035, fallbacks 14231
    lm2joint[live]: consults 1406911 (+44195), misses 102401 (+1804), keys 102378, prunes 82972, fallbacks 14481
    lm2joint[live]: consults 1444879 (+37968), misses 104042 (+1641), keys 104019, prunes 85281, fallbacks 14776
    lm2joint[live]: consults 1504027 (+59148), misses 106120 (+2078), keys 106097, prunes 88326, fallbacks 15048
    lm2joint[live]: consults 1581662 (+77635), misses 107878 (+1758), keys 107855, prunes 93982, fallbacks 15340
    lm2joint[live]: consults 1646080 (+64418), misses 109907 (+2029), keys 109884, prunes 96788, fallbacks 15587
    lm2joint[live]: consults 1741523 (+95443), misses 111840 (+1933), keys 111817, prunes 102834, fallbacks 15864
    lm2joint[live]: consults 1865648 (+124125), misses 113726 (+1886), keys 113703, prunes 111061, fallbacks 16095
    lm2joint[live]: consults 1936353 (+70705), misses 115610 (+1884), keys 115587, prunes 114889, fallbacks 16347
    lm2joint[live]: consults 2006340 (+69987), misses 117483 (+1873), keys 117460, prunes 119206, fallbacks 16636
    lm2joint[live]: consults 2088127 (+81787), misses 119324 (+1841), keys 119301, prunes 124380, fallbacks 16929
    lm2joint[live]: consults 2174485 (+86358), misses 121464 (+2140), keys 121441, prunes 128382, fallbacks 17174
    lm2joint[live]: consults 2302094 (+127609), misses 123645 (+2181), keys 123622, prunes 136873, fallbacks 17411
    lm2joint[live]: consults 2434363 (+132269), misses 125738 (+2093), keys 125715, prunes 143695, fallbacks 17684
    lm2joint[live]: consults 2594743 (+160380), misses 127683 (+1945), keys 127653, prunes 152010, fallbacks 17944
    lm2joint[live]: consults 2770798 (+176055), misses 129853 (+2170), keys 129823, prunes 161388, fallbacks 18163
    lm2joint[live]: consults 2950634 (+179836), misses 131704 (+1851), keys 131673, prunes 171495, fallbacks 18428
    lm2joint[live]: consults 3086009 (+135375), misses 133540 (+1836), keys 133503, prunes 179255, fallbacks 18691
    lm2joint[live]: consults 3212569 (+126560), misses 135585 (+2045), keys 135548, prunes 185519, fallbacks 18916
    lm2joint[live]: consults 3322909 (+110340), misses 137773 (+2188), keys 137736, prunes 192019, fallbacks 19182
    lm2joint[live]: consults 3471489 (+148580), misses 139623 (+1850), keys 139585, prunes 200450, fallbacks 19476
    lm2joint[live]: consults 3592772 (+121283), misses 141309 (+1686), keys 141271, prunes 208622, fallbacks 19770
    lm2joint[live]: consults 3661003 (+68231), misses 142771 (+1462), keys 142727, prunes 211538, fallbacks 20080
    lm2joint[live]: consults 3833649 (+172646), misses 144728 (+1957), keys 144678, prunes 218219, fallbacks 20329
    lm2joint[live]: consults 3920574 (+86925), misses 146112 (+1384), keys 146062, prunes 221394, fallbacks 20628
    lm2joint[live]: consults 3991871 (+71297), misses 147520 (+1408), keys 147470, prunes 225085, fallbacks 20936
    lm2joint[live]: consults 4113082 (+121211), misses 149368 (+1848), keys 149318, prunes 231328, fallbacks 21203
    lm2joint[live]: consults 4241512 (+128430), misses 151132 (+1764), keys 151073, prunes 237507, fallbacks 21413
    lm2joint[live]: consults 4440722 (+199210), misses 153403 (+2271), keys 153344, prunes 246569, fallbacks 21657
    lm2joint[live]: consults 4572832 (+132110), misses 155289 (+1886), keys 155193, prunes 256478, fallbacks 21948
    lm2joint[live]: consults 4939102 (+366270), misses 157428 (+2139), keys 157303, prunes 277601, fallbacks 22188
    lm2joint[live]: consults 5115795 (+176693), misses 159111 (+1683), keys 158979, prunes 286587, fallbacks 22480
    lm2joint[live]: consults 5296414 (+180619), misses 160775 (+1664), keys 160643, prunes 297316, fallbacks 22733
    lm2joint[live]: consults 5541286 (+244872), misses 162553 (+1778), keys 162421, prunes 312479, fallbacks 22938
    lm2joint[live]: consults 5831528 (+290242), misses 164487 (+1934), keys 164354, prunes 331013, fallbacks 23168
    lm2joint[live]: consults 6074694 (+243166), misses 166727 (+2240), keys 166594, prunes 347126, fallbacks 23383
    lm2joint[live]: consults 6581558 (+506864), misses 168502 (+1775), keys 168369, prunes 374721, fallbacks 23646
    lm2joint[live]: consults 6854496 (+272938), misses 170469 (+1967), keys 170336, prunes 391100, fallbacks 23914
    lm2joint[live]: consults 6969895 (+115399), misses 172115 (+1646), keys 171982, prunes 397702, fallbacks 24190
    lm2joint[live]: consults 7312117 (+342222), misses 173845 (+1730), keys 173711, prunes 415689, fallbacks 24472
    lm2joint[live]: consults 7535632 (+223515), misses 175558 (+1713), keys 175424, prunes 428143, fallbacks 24750
    lm2joint[live]: consults 7730769 (+195137), misses 176947 (+1389), keys 176813, prunes 438844, fallbacks 25055
    lm2joint[live]: consults 7908735 (+177966), misses 178312 (+1365), keys 178178, prunes 447142, fallbacks 25336
    lm2joint[live]: consults 8261267 (+352532), misses 180034 (+1722), keys 179900, prunes 462363, fallbacks 25602
    lm2joint[live]: consults 8541705 (+280438), misses 181771 (+1737), keys 181637, prunes 477165, fallbacks 25888
    lm2joint[live]: consults 8826239 (+284534), misses 183366 (+1595), keys 183232, prunes 489231, fallbacks 26186
    lm2joint[live]: consults 8983471 (+157232), misses 185152 (+1786), keys 185018, prunes 495197, fallbacks 26481
    lm2joint[live]: consults 9222107 (+238636), misses 187054 (+1902), keys 186919, prunes 505234, fallbacks 26756
    lm2joint[live]: consults 9402923 (+180816), misses 189115 (+2061), keys 188980, prunes 513427, fallbacks 27035
    lm2joint[live]: consults 9564388 (+161465), misses 191294 (+2179), keys 191159, prunes 520505, fallbacks 27266
    lm2joint[live]: consults 9766089 (+201701), misses 193274 (+1980), keys 193137, prunes 529768, fallbacks 27493
    lm2joint[live]: consults 9974938 (+208849), misses 195105 (+1831), keys 194968, prunes 538723, fallbacks 27739
    lm2joint[live]: consults 10189269 (+214331), misses 196743 (+1638), keys 196603, prunes 549158, fallbacks 28011
    lm2joint[live]: consults 10425214 (+235945), misses 198578 (+1835), keys 198438, prunes 557722, fallbacks 28269
    lm2joint[live]: consults 10590695 (+165481), misses 200302 (+1724), keys 200162, prunes 567078, fallbacks 28546
    lm2joint[live]: consults 10742650 (+151955), misses 201883 (+1581), keys 201743, prunes 573985, fallbacks 28803
    lm2joint[live]: consults 10924103 (+181453), misses 203394 (+1511), keys 203254, prunes 583020, fallbacks 29082
    lm2joint[live]: consults 11321351 (+397248), misses 205414 (+2020), keys 205274, prunes 599920, fallbacks 29348
    lm2joint[live]: consults 11599579 (+278228), misses 207226 (+1812), keys 207086, prunes 612200, fallbacks 29624
    lm2joint[live]: consults 11853606 (+254027), misses 209087 (+1861), keys 208947, prunes 624033, fallbacks 29880
    lm2joint[live]: consults 12082065 (+228459), misses 210973 (+1886), keys 210833, prunes 635664, fallbacks 30112
    lm2joint[live]: consults 12314427 (+232362), misses 212598 (+1625), keys 212458, prunes 648141, fallbacks 30345
    lm2joint[live]: consults 12862308 (+547881), misses 214384 (+1786), keys 214244, prunes 672574, fallbacks 30600
    lm2joint[live]: consults 13139923 (+277615), misses 216013 (+1629), keys 215872, prunes 685454, fallbacks 30809
    lm2joint[live]: consults 13528237 (+388314), misses 218133 (+2120), keys 217992, prunes 703201, fallbacks 31034
    lm2joint[live]: consults 13748531 (+220294), misses 220477 (+2344), keys 220336, prunes 714582, fallbacks 31216
    lm2joint[live]: consults 13918366 (+169835), misses 222353 (+1876), keys 222210, prunes 721468, fallbacks 31444
    lm2joint[live]: consults 14083288 (+164922), misses 224220 (+1867), keys 224076, prunes 731074, fallbacks 31681
    lm2joint[live]: consults 14205973 (+122685), misses 225642 (+1422), keys 225498, prunes 738256, fallbacks 31981
    lm2joint[live]: consults 14415499 (+209526), misses 227291 (+1649), keys 227145, prunes 749152, fallbacks 32251
    lm2joint[live]: consults 14511389 (+95890), misses 228709 (+1418), keys 228563, prunes 754435, fallbacks 32535
    lm2joint[live]: consults 14611576 (+100187), misses 230232 (+1523), keys 230086, prunes 760782, fallbacks 32781
    lm2joint[live]: consults 14847649 (+236073), misses 231995 (+1763), keys 231849, prunes 775430, fallbacks 33022
    lm2joint[live]: consults 15070097 (+222448), misses 233454 (+1459), keys 233308, prunes 792027, fallbacks 33312
    lm2joint[live]: consults 15231915 (+161818), misses 235421 (+1967), keys 235274, prunes 804499, fallbacks 33547
    lm2joint[live]: consults 15491046 (+259131), misses 237389 (+1968), keys 237242, prunes 821034, fallbacks 33791
    lm2joint[live]: consults 15715086 (+224040), misses 239031 (+1642), keys 238884, prunes 830996, fallbacks 34038
    lm2joint[live]: consults 15845588 (+130502), misses 240278 (+1247), keys 240131, prunes 836585, fallbacks 34303
    lm2joint[live]: consults 16237040 (+391452), misses 242128 (+1850), keys 241981, prunes 850083, fallbacks 34573
    lm2joint[live]: consults 16508610 (+271570), misses 243758 (+1630), keys 243611, prunes 864567, fallbacks 34801
    lm2joint[live]: consults 16684544 (+175934), misses 245467 (+1709), keys 245320, prunes 875022, fallbacks 35070
    lm2joint[live]: consults 16924012 (+239468), misses 247091 (+1624), keys 246944, prunes 885378, fallbacks 35317
    lm2joint[live]: consults 17247153 (+323141), misses 248600 (+1509), keys 248453, prunes 904208, fallbacks 35579
    lm2joint[live]: consults 17538966 (+291813), misses 249962 (+1362), keys 249815, prunes 920645, fallbacks 35872
    lm2joint[live]: consults 17788630 (+249664), misses 251269 (+1307), keys 251122, prunes 936901, fallbacks 36131
    lm2joint[live]: consults 17970833 (+182203), misses 252841 (+1572), keys 252694, prunes 947525, fallbacks 36345
    lm2joint[live]: consults 18215300 (+244467), misses 254448 (+1607), keys 254299, prunes 963624, fallbacks 36574
    lm2joint[live]: consults 18514707 (+299407), misses 255929 (+1481), keys 255780, prunes 980476, fallbacks 36791
    lm2joint[live]: consults 18928847 (+414140), misses 257592 (+1663), keys 257442, prunes 1003169, fallbacks 37028
    lm2joint[live]: consults 19183830 (+254983), misses 259104 (+1512), keys 258954, prunes 1018277, fallbacks 37274
    lm2joint[live]: consults 19436703 (+252873), misses 260563 (+1459), keys 260413, prunes 1033507, fallbacks 37482
    lm2joint[live]: consults 19782347 (+345644), misses 262151 (+1588), keys 262001, prunes 1051272, fallbacks 37680
    lm2joint[live]: consults 20189259 (+406912), misses 263884 (+1733), keys 263734, prunes 1071529, fallbacks 37931
    lm2joint[live]: consults 20644749 (+455490), misses 265309 (+1425), keys 265159, prunes 1097374, fallbacks 38184
    lm2joint[live]: consults 21161762 (+517013), misses 267053 (+1744), keys 266903, prunes 1126311, fallbacks 38419
    lm2joint[live]: consults 21790369 (+628607), misses 268805 (+1752), keys 268655, prunes 1164108, fallbacks 38648
    lm2joint[live]: consults 22084299 (+293930), misses 270449 (+1644), keys 270299, prunes 1180158, fallbacks 38893
    lm2joint[live]: consults 22393113 (+308814), misses 272394 (+1945), keys 272244, prunes 1201310, fallbacks 39139
    lm2joint[live]: consults 22826646 (+433533), misses 274172 (+1778), keys 274021, prunes 1227298, fallbacks 39373
    lm2joint[live]: consults 23228775 (+402129), misses 275977 (+1805), keys 275825, prunes 1250150, fallbacks 39607
    lm2joint[live]: consults 23433662 (+204887), misses 277357 (+1380), keys 277205, prunes 1260879, fallbacks 39881
    lm2joint[live]: consults 23655717 (+222055), misses 278720 (+1363), keys 278568, prunes 1273139, fallbacks 40149
    lm2joint[live]: consults 23998209 (+342492), misses 280133 (+1413), keys 279981, prunes 1290494, fallbacks 40409
    lm2joint[live]: consults 24475097 (+476888), misses 281874 (+1741), keys 281722, prunes 1315708, fallbacks 40604
    lm2joint[live]: consults 24834284 (+359187), misses 283155 (+1281), keys 283003, prunes 1341536, fallbacks 40872
    lm2joint[live]: consults 25027576 (+193292), misses 284590 (+1435), keys 284438, prunes 1352933, fallbacks 41132
    lm2joint[live]: consults 25363953 (+336377), misses 286055 (+1465), keys 285903, prunes 1374875, fallbacks 41390
    lm2joint[live]: consults 25651610 (+287657), misses 287840 (+1785), keys 287688, prunes 1392246, fallbacks 41636
    lm2joint[live]: consults 26019320 (+367710), misses 289525 (+1685), keys 289371, prunes 1409807, fallbacks 41858
    lm2joint[live]: consults 26403176 (+383856), misses 291285 (+1760), keys 291131, prunes 1432680, fallbacks 42103
    lm2joint[live]: consults 26822242 (+419066), misses 293131 (+1846), keys 292977, prunes 1460897, fallbacks 42365
    lm2joint[live]: consults 27134935 (+312693), misses 294738 (+1607), keys 294584, prunes 1478845, fallbacks 42644
    lm2joint[live]: consults 27581672 (+446737), misses 296663 (+1925), keys 296509, prunes 1502632, fallbacks 42914
    lm2joint[live]: consults 27845422 (+263750), misses 298197 (+1534), keys 298043, prunes 1516379, fallbacks 43224
    lm2joint[live]: consults 28300543 (+455121), misses 300119 (+1922), keys 299964, prunes 1539176, fallbacks 43489
    lm2joint[live]: consults 28718895 (+418352), misses 301613 (+1494), keys 301457, prunes 1571803, fallbacks 43780
    lm2joint[live]: consults 29361901 (+643006), misses 303827 (+2214), keys 303670, prunes 1598976, fallbacks 44033
    lm2joint[live]: consults 30083629 (+721728), misses 305683 (+1856), keys 305526, prunes 1636019, fallbacks 44284
    lm2joint[live]: consults 30442809 (+359180), misses 307411 (+1728), keys 307254, prunes 1648726, fallbacks 44513
    lm2joint[live]: consults 31021972 (+579163), misses 308965 (+1554), keys 308807, prunes 1681350, fallbacks 44743
    lm2joint[live]: consults 31494946 (+472974), misses 310824 (+1859), keys 310666, prunes 1724681, fallbacks 44968
    lm2joint[live]: consults 32022720 (+527774), misses 312839 (+2015), keys 312681, prunes 1752089, fallbacks 45199
    lm2joint[live]: consults 32247342 (+224622), misses 314752 (+1913), keys 314594, prunes 1767192, fallbacks 45440
    lm2joint[live]: consults 32565689 (+318347), misses 316192 (+1440), keys 316034, prunes 1788260, fallbacks 45693
    lm2joint[live]: consults 33425182 (+859493), misses 318237 (+2045), keys 318079, prunes 1838151, fallbacks 45912
    lm2joint[live]: consults 34190819 (+765637), misses 320206 (+1969), keys 320048, prunes 1883980, fallbacks 46105
    lm2joint[live]: consults 34668293 (+477474), misses 321775 (+1569), keys 321617, prunes 1915290, fallbacks 46297
    lm2joint[live]: consults 35365075 (+696782), misses 323555 (+1780), keys 323397, prunes 1957988, fallbacks 46523
    lm2joint[live]: consults 35813268 (+448193), misses 325086 (+1531), keys 324928, prunes 1986658, fallbacks 46743
    lm2joint[live]: consults 36218732 (+405464), misses 326650 (+1564), keys 326492, prunes 2011151, fallbacks 46994
    lm2joint[live]: consults 36961473 (+742741), misses 328276 (+1626), keys 328118, prunes 2059135, fallbacks 47243
    lm2joint[live]: consults 37954714 (+993241), misses 329978 (+1702), keys 329820, prunes 2116468, fallbacks 47523
    lm2joint[live]: consults 38585976 (+631262), misses 331904 (+1926), keys 331746, prunes 2171001, fallbacks 47779
    lm2joint[live]: consults 39296467 (+710491), misses 334030 (+2126), keys 333871, prunes 2221575, fallbacks 48070
    lm2joint[live]: consults 39896417 (+599950), misses 335724 (+1694), keys 335564, prunes 2271978, fallbacks 48320
    lm2joint[live]: consults 40440918 (+544501), misses 337890 (+2166), keys 337730, prunes 2323173, fallbacks 48533
    lm2joint[live]: consults 41194429 (+753511), misses 340180 (+2290), keys 340020, prunes 2386088, fallbacks 48805
    lm2joint[live]: consults 41652197 (+457768), misses 342044 (+1864), keys 341884, prunes 2422450, fallbacks 49067
    lm2joint[live]: consults 42202744 (+550547), misses 343444 (+1400), keys 343284, prunes 2471547, fallbacks 49348
    lm2joint[live]: consults 43053416 (+850672), misses 345140 (+1696), keys 344980, prunes 2526566, fallbacks 49611
    lm2joint[live]: consults 43737740 (+684324), misses 346645 (+1505), keys 346485, prunes 2576405, fallbacks 49809
    lm2joint[live]: consults 44509892 (+772152), misses 348241 (+1596), keys 348080, prunes 2625441, fallbacks 50039
    lm2joint[live]: consults 45189924 (+680032), misses 349954 (+1713), keys 349791, prunes 2681355, fallbacks 50238
    lm2joint[live]: consults 46126573 (+936649), misses 351356 (+1402), keys 351193, prunes 2752538, fallbacks 50439
    lm2joint[live]: consults 46982258 (+855685), misses 352938 (+1582), keys 352775, prunes 2816386, fallbacks 50672
    lm2joint[live]: consults 47434537 (+452279), misses 354000 (+1062), keys 353834, prunes 2856737, fallbacks 50872
    lm2joint[live]: consults 48048424 (+613887), misses 355182 (+1182), keys 355016, prunes 2912384, fallbacks 51054
    lm2joint[live]: consults 48546870 (+498446), misses 356280 (+1098), keys 356114, prunes 2963825, fallbacks 51244
    lm2joint[live]: consults 49086123 (+539253), misses 357661 (+1381), keys 357495, prunes 3014229, fallbacks 51396
    lm2joint[live]: consults 49627385 (+541262), misses 358904 (+1243), keys 358737, prunes 3061467, fallbacks 51605
    lm2joint[live]: consults 50145209 (+517824), misses 360033 (+1129), keys 359866, prunes 3116339, fallbacks 51817
    lm2joint[live]: consults 50885096 (+739887), misses 361371 (+1338), keys 361203, prunes 3180883, fallbacks 52001
    lm2joint[live]: consults 51399515 (+514419), misses 362688 (+1317), keys 362520, prunes 3216715, fallbacks 52228
    lm2joint[live]: consults 52092253 (+692738), misses 363810 (+1122), keys 363642, prunes 3264341, fallbacks 52405
    lm2joint[live]: consults 52885242 (+792989), misses 364907 (+1097), keys 364739, prunes 3332165, fallbacks 52570
    lm2joint[live]: consults 53762277 (+877035), misses 366449 (+1542), keys 366281, prunes 3392869, fallbacks 52726
    lm2joint[live]: consults 54905043 (+1142766), misses 367744 (+1295), keys 367576, prunes 3512785, fallbacks 52954
    lm2joint[live]: consults 56126405 (+1221362), misses 369056 (+1312), keys 368888, prunes 3614963, fallbacks 53202
    lm2joint[live]: consults 57174886 (+1048481), misses 370571 (+1515), keys 370401, prunes 3682293, fallbacks 53418
    lm2joint[live]: consults 58477989 (+1303103), misses 372043 (+1472), keys 371868, prunes 3770715, fallbacks 53699
    lm2joint[live]: consults 60598931 (+2120942), misses 373933 (+1890), keys 373757, prunes 3927255, fallbacks 53915
    lm2joint[live]: consults 62109790 (+1510859), misses 375594 (+1661), keys 375418, prunes 4024333, fallbacks 54085
    lm2joint[live]: consults 63495793 (+1386003), misses 377543 (+1949), keys 377350, prunes 4113031, fallbacks 54248
    lm2joint[live]: consults 64966106 (+1470313), misses 379938 (+2395), keys 379746, prunes 4208347, fallbacks 54401
    lm2joint[live]: consults 65901648 (+935542), misses 382176 (+2238), keys 381983, prunes 4255669, fallbacks 54574
    lm2joint[live]: consults 66752171 (+850523), misses 384229 (+2053), keys 384036, prunes 4296563, fallbacks 54746
    lm2joint[live]: consults 67856049 (+1103878), misses 386774 (+2545), keys 386576, prunes 4351942, fallbacks 54946
    lm2joint[live]: consults 68361095 (+505046), misses 387584 (+810), keys 387390, prunes 4377629, fallbacks 55008
[14:08:39.409 UTC] threshold 144 exhausted:       177513122 nodes in 3379.37s (0.05 Mn/s)
    lm2joint: 68437247 consults; axis-memo misses 387654 (0.0944% — 387461 distinct keys across workers); PRUNED 4377937 (6.40% of consults); budget fallbacks 55015
[14:08:39.409 UTC] search: end    (3379.37s in search)
Lower bound: depth >= 146
Wall-clock     : 3380.81s
Nodes          : 177513122
Iterations     : 1
Search time    : 3379.37s
Throughput     : 0.05 Mnodes/s
