root-orbit-split: board is σ-symmetric; searching one representative per σ-orbit of the root's children
cWD: mmapping data/cwd_mm.bin…
clm2: mmapping data/cwd_lm1l_mm.bin…
cwd-lm2: mmapping data/cwd_lm_mm.bin…
k8: mmapping the three 8-tile ZPDBs (32.8 GB)…
k8 ready: lazy max(cWD, k8) at survivors, both σ-views, shared packed-position cache
cWD ready: fast single-line-max table path, neighbor-prune ON
flat engine: iterative arena, move-pruning DFA 41396 states, 687 KiB
parallel: tree-splitting driver on 16 rayon workers (RAYON_NUM_THREADS to change)
[06:38:39.089 UTC] search: start  (setup 1.54s)
[06:38:48.527 UTC] threshold 144 exhausted:       115436814 nodes in 9.44s (12.23 Mn/s)
    lm2 consult slack: total 84527929; >=7 (gateable) 0 (0.000%); hist [84527929, 0, 0, 0, 0, 0, 0, 0, 0, 0, 0, 0, 0, 0, 0, 0]
[06:44:36.945 UTC] threshold 146 exhausted:      4363759350 nodes in 348.42s (12.52 Mn/s)
    lm2 consult slack: total 3458783555; >=7 (gateable) 0 (0.000%); hist [3200470927, 0, 258312628, 0, 0, 0, 0, 0, 0, 0, 0, 0, 0, 0, 0, 0]
[09:22:21.933 UTC] threshold 148 exhausted:    114245221757 nodes in 9464.99s (12.07 Mn/s)
    lm2 consult slack: total 94299909924; >=7 (gateable) 0 (0.000%); hist [84374701428, 0, 9626443279, 0, 298765217, 0, 0, 0, 0, 0, 0, 0, 0, 0, 0, 0]
[09:22:21.935 UTC] search: end    (9822.85s in search)
    lm2 cache: 314685447875 hits / 766173213 misses = 99.757% hit
    k8 cache: 119319452075 hits / 44345858391 misses = 72.905% hit
Lower bound: depth >= 150
Wall-clock     : 9824.39s
Nodes          : 118724417921
Iterations     : 3
Search time    : 9822.85s
Throughput     : 12.09 Mnodes/s
