root-orbit-split: board is σ-symmetric; searching one representative per σ-orbit of the root's children
cWD: mmapping data/cwd_mm.bin…
clm2: mmapping data/cwd_lm1l_mm.bin…
cwd-lm2: mmapping data/cwd_lm_mm.bin…
k8: mmapping the three 8-tile ZPDBs (32.8 GB)…
k8 ready: lazy max(cWD, k8) at survivors, both σ-views, shared packed-position cache
cWD ready: fast single-line-max table path, neighbor-prune ON
flat engine: iterative arena, move-pruning DFA 41396 states, 687 KiB
parallel: tree-splitting driver on 64 rayon workers (RAYON_NUM_THREADS to change)
[04:16:04.700 UTC] search: start  (setup 1.55s)
[04:16:13.320 UTC] threshold 144 exhausted:       115436814 nodes in 8.62s (13.39 Mn/s)
    lm2 consult slack: total 84527929; >=7 (gateable) 0 (0.000%); hist [84527929, 0, 0, 0, 0, 0, 0, 0, 0, 0, 0, 0, 0, 0, 0, 0]
[04:21:22.925 UTC] threshold 146 exhausted:      4363759350 nodes in 309.60s (14.09 Mn/s)
    lm2 consult slack: total 3458783555; >=7 (gateable) 0 (0.000%); hist [3200470927, 0, 258312628, 0, 0, 0, 0, 0, 0, 0, 0, 0, 0, 0, 0, 0]
[06:38:37.350 UTC] threshold 148 exhausted:    114245221757 nodes in 8234.42s (13.87 Mn/s)
    lm2 consult slack: total 94299909924; >=7 (gateable) 0 (0.000%); hist [84374701428, 0, 9626443279, 0, 298765217, 0, 0, 0, 0, 0, 0, 0, 0, 0, 0, 0]
[06:38:37.352 UTC] search: end    (8552.65s in search)
    lm2 cache: 314661239508 hits / 790381580 misses = 99.749% hit
    k8 cache: 108463127938 hits / 55202182528 misses = 66.271% hit
Lower bound: depth >= 150
Wall-clock     : 8554.20s
Nodes          : 118724417921
Iterations     : 3
Search time    : 8552.65s
Throughput     : 13.88 Mnodes/s
