=== [01:07:58] waiting for table pipeline (logs/EXIT)
=== [02:18:58] pipeline green
=== [02:18:58] sync to origin/main
From github.com:mspiegel/A087725
 * branch            main       -> FETCH_HEAD
   1edc13d..415851b  main       -> origin/main
Updating 1edc13d..415851b
Fast-forward
 RUNBOOK_R156.md                 |   8 +-
 data/cwd_single.bin.sha256      |   2 +-
 src/bin/build_cwd_table.rs      | 165 +++++++++++++++++---------
 src/puzzle24/search/cwd_lm.rs   | 251 +++++++++++++++++++++++-----------------
 src/puzzle24/search/cwd_lm1l.rs | 165 ++++++++++++++++++--------
 5 files changed, 383 insertions(+), 208 deletions(-)
415851b cwd_lm1l oracle: continuous sample stream, no batch barriers
    Finished `release` profile [optimized] target(s) in 11.41s
=== [02:19:13] step 6 canaries
=== [02:20:13] canaries done -> logs/canaries.log
=== [02:20:13] E1 W=64 (exhaust-148)
[02:30:29.846 UTC] threshold 148 exhausted:    114245221757 nodes in 592.83s (192.71 Mn/s)
=== [02:30:30] E1 W=48 (exhaust-148)
[02:43:21.475 UTC] threshold 148 exhausted:    114245221757 nodes in 743.62s (153.63 Mn/s)
=== [02:43:21] E1 W=32 (exhaust-148)
[03:01:25.739 UTC] threshold 148 exhausted:    114245221757 nodes in 1045.82s (109.24 Mn/s)
=== [03:01:25] E1 W=16 (exhaust-148)
[03:34:43.703 UTC] threshold 148 exhausted:    114245221757 nodes in 1929.41s (59.21 Mn/s)
=== [03:34:43] E1 SWEEP COMPLETE
=== [03:34:43] E2: rebuild with parallel-profile for the SPLIT_TARGET knob
    Finished `release` profile [optimized] target(s) in 11.43s
=== [03:34:55] E2 SPLIT_TARGET=4096 (W=64, exhaust-148)
[03:45:13.320 UTC] threshold 148 exhausted:    114245221757 nodes in 595.14s (191.96 Mn/s)
=== [03:45:13] E2 SPLIT_TARGET=16384 (W=64, exhaust-148)
[03:55:17.218 UTC] threshold 148 exhausted:    114245221757 nodes in 576.57s (198.15 Mn/s)
=== [03:55:17] E2 SPLIT_TARGET=32768 (W=64, exhaust-148)
[04:05:29.621 UTC] threshold 148 exhausted:    114245221757 nodes in 580.07s (196.95 Mn/s)
=== [04:05:29] E2 SPLIT_TARGET=65536 (W=64, exhaust-148)
[04:15:51.631 UTC] threshold 148 exhausted:    114245221757 nodes in 577.48s (197.84 Mn/s)
=== [04:15:51] E2 SWEEP COMPLETE
=== [04:15:51] E3: rebuild with probe-cache-stats for k8 hit rates
    Finished `release` profile [optimized] target(s) in 11.29s
=== [04:16:03] E3 W=64 (exhaust-148, instrumented)
    lm2 cache: 314661239508 hits / 790381580 misses = 99.749% hit
    k8 cache: 108463127938 hits / 55202182528 misses = 66.271% hit
=== [06:38:37] E3 W=16 (exhaust-148, instrumented)
    lm2 cache: 314685447875 hits / 766173213 misses = 99.757% hit
    k8 cache: 119319452075 hits / 44345858391 misses = 72.905% hit
=== [09:22:22] E3 COMPLETE
=== [09:22:22] restoring the plain production build
    Finished `release` profile [optimized] target(s) in 0.06s
=== [09:22:22] ALL NIGHT WORK COMPLETE
