=== [2:53 PM ET] threshold 152 start (resume from ckpt156)
root-orbit-split: board is σ-symmetric; searching one representative per σ-orbit of the root's children
cWD: mmapping data/cwd_mm.bin…
clm2: mmapping data/cwd_lm1l_mm.bin…
cwd-lm2: mmapping data/cwd_lm_mm.bin…
k8: mmapping the three 8-tile ZPDBs (32.8 GB)…
k8 ready: lazy max(cWD, k8) at survivors, both σ-views, shared packed-position cache
cWD ready: fast single-line-max table path, neighbor-prune ON
flat engine: iterative arena, move-pruning DFA 41396 states, 687 KiB
parallel: tree-splitting driver on 64 rayon workers (RAYON_NUM_THREADS to change)
[18:53:27.741 UTC] search: start  (setup 1.53s)
checkpoint: dir runs/ckpt156, run id 6a101d4ad59aded7; 4 threshold / 131072 unit records apply
checkpoint: threshold 144 restored (115436814 nodes)
[18:53:27.782 UTC] threshold 144 exhausted:       115436814 nodes in 0.00ns (0.00 Mn/s)
checkpoint: threshold 146 restored (4363759350 nodes)
[18:53:27.783 UTC] threshold 146 exhausted:      4363759350 nodes in 0.00ns (0.00 Mn/s)
checkpoint: threshold 148 restored (114245221757 nodes)
[18:53:27.783 UTC] threshold 148 exhausted:    114245221757 nodes in 0.00ns (0.00 Mn/s)
checkpoint: threshold 150 restored (2287004968051 nodes)
[18:53:27.783 UTC] threshold 150 exhausted:   2287004968051 nodes in 0.00ns (0.00 Mn/s)
