root-orbit-split: board is σ-symmetric; searching one representative per σ-orbit of the root's children
cWD: mmapping data/cwd_mm.bin…
clm2: mmapping data/cwd_lm1l_mm.bin…
cwd-lm2: mmapping data/cwd_lm_mm.bin…
k8: mmapping the three 8-tile ZPDBs (32.8 GB)…
k8 ready: lazy max(cWD, k8) at survivors, both σ-views, shared packed-position cache
cWD ready: fast single-line-max table path, neighbor-prune ON
flat engine: iterative arena, move-pruning DFA 41396 states, 687 KiB
parallel: tree-splitting driver on 64 rayon workers (RAYON_NUM_THREADS to change)
[16:20:39.130 UTC] search: start  (setup 1.53s)
checkpoint: dir runs/ckpt156, run id 6a101d4ad59aded7; 3 threshold / 102721 unit records apply
checkpoint: threshold 144 restored (115436814 nodes)
[16:20:39.158 UTC] threshold 144 exhausted:       115436814 nodes in 0.00ns (0.00 Mn/s)
checkpoint: threshold 146 restored (4363759350 nodes)
[16:20:39.158 UTC] threshold 146 exhausted:      4363759350 nodes in 0.00ns (0.00 Mn/s)
checkpoint: threshold 148 restored (114245221757 nodes)
[16:20:39.158 UTC] threshold 148 exhausted:    114245221757 nodes in 0.00ns (0.00 Mn/s)
checkpoint: threshold 150: 4417/32768 units restored
[18:47:07.228 UTC] threshold 150 exhausted:   2287004968051 nodes in 8788.07s (260.24 Mn/s)
[18:47:07.230 UTC] search: end    (8788.10s in search)
Lower bound: depth >= 152
Wall-clock     : 8789.63s
Nodes          : 2405729385972
Iterations     : 4
Search time    : 8788.10s
Throughput     : 273.75 Mnodes/s
