image slide: 0x429c000
root-orbit-split: board is σ-symmetric; searching one representative per σ-orbit of the root's children
cWD: mmapping data/cwd_mm.bin…
cwd-lm2: mmapping data/cwd_lm_mm.bin…
cWD ready: fast single-line-max table path, neighbor-prune ON
flat engine: iterative arena, move-pruning DFA 41396 states, 687 KiB
parallel: tree-splitting driver on 8 rayon workers (RAYON_NUM_THREADS to change)
[23:25:49.251 UTC] search: start  (setup 9.00s)
    lm2joint[live]: consults 3752845 (+3752845), misses 167686 (+167686), keys 167642, prunes 443298, fallbacks 0
    lm2joint[live]: consults 19498104 (+15745259), misses 274558 (+106872), keys 274485, prunes 1956742, fallbacks 0
    lm2joint[live]: consults 28227065 (+8728961), misses 303283 (+28725), keys 303211, prunes 2763520, fallbacks 0
    lm2joint[live]: consults 35878412 (+7651347), misses 318854 (+15571), keys 318784, prunes 3555250, fallbacks 0
    lm2joint[live]: consults 43188741 (+7310329), misses 331399 (+12545), keys 331329, prunes 4311063, fallbacks 0
    lm2joint[live]: consults 50295786 (+7107045), misses 339410 (+8011), keys 339340, prunes 5036563, fallbacks 0
[23:27:33.992 UTC] threshold 144 exhausted:       156589948 nodes in 104.74s (1.50 Mn/s)
    lm2joint: 57275753 consults; axis-memo misses 345958 (0.1007% — 345888 distinct keys across workers); PRUNED 5919176 (10.33% of consults); budget fallbacks 0
    lm2joint[live]: consults 14454 (+18446744073659270284), misses 1417 (+18446744073709213623), keys 347293, prunes 2386, fallbacks 0
    lm2joint[live]: consults 90299 (+75845), misses 22454 (+21037), keys 368322, prunes 7916, fallbacks 0
    lm2joint[live]: consults 193079 (+102780), misses 40970 (+18516), keys 386833, prunes 13536, fallbacks 0
    lm2joint[live]: consults 303029 (+109950), misses 56679 (+15709), keys 402539, prunes 22573, fallbacks 0
    lm2joint[live]: consults 391225 (+88196), misses 68181 (+11502), keys 414034, prunes 31884, fallbacks 0
    lm2joint[live]: consults 607009 (+215784), misses 86297 (+18116), keys 432148, prunes 46166, fallbacks 0
    lm2joint[live]: consults 797020 (+190011), misses 107935 (+21638), keys 453784, prunes 60454, fallbacks 0
    lm2joint[live]: consults 1077224 (+280204), misses 134679 (+26744), keys 480526, prunes 76493, fallbacks 0
    lm2joint[live]: consults 1357873 (+280649), misses 159320 (+24641), keys 505166, prunes 88093, fallbacks 0
    lm2joint[live]: consults 1682590 (+324717), misses 183736 (+24416), keys 529580, prunes 104019, fallbacks 0
    lm2joint[live]: consults 1965912 (+283322), misses 207307 (+23571), keys 553150, prunes 117532, fallbacks 0
    lm2joint[live]: consults 2254190 (+288278), misses 228742 (+21435), keys 574585, prunes 138948, fallbacks 0
    lm2joint[live]: consults 2570243 (+316053), misses 251212 (+22470), keys 597055, prunes 156102, fallbacks 0
    lm2joint[live]: consults 2989356 (+419113), misses 275176 (+23964), keys 621019, prunes 175576, fallbacks 0
    lm2joint[live]: consults 3509615 (+520259), misses 301433 (+26257), keys 647275, prunes 200232, fallbacks 0
    lm2joint[live]: consults 3928993 (+419378), misses 322399 (+20966), keys 668241, prunes 234377, fallbacks 0
    lm2joint[live]: consults 4399302 (+470309), misses 343119 (+20720), keys 688961, prunes 272727, fallbacks 0
    lm2joint[live]: consults 4971629 (+572327), misses 366627 (+23508), keys 712469, prunes 309432, fallbacks 0
    lm2joint[live]: consults 5435692 (+464063), misses 383766 (+17139), keys 729607, prunes 345314, fallbacks 0
    lm2joint[live]: consults 5809562 (+373870), misses 399698 (+15932), keys 745539, prunes 372049, fallbacks 0
    lm2joint[live]: consults 6332242 (+522680), misses 421659 (+21961), keys 767500, prunes 416366, fallbacks 0
    lm2joint[live]: consults 6968679 (+636437), misses 448012 (+26353), keys 793853, prunes 457019, fallbacks 0
    lm2joint[live]: consults 7863545 (+894866), misses 480449 (+32437), keys 826290, prunes 508631, fallbacks 0
    lm2joint[live]: consults 8784397 (+920852), misses 512197 (+31748), keys 858037, prunes 562988, fallbacks 0
    lm2joint[live]: consults 9743122 (+958725), misses 546705 (+34508), keys 892544, prunes 624415, fallbacks 0
    lm2joint[live]: consults 11117286 (+1374164), misses 581877 (+35172), keys 927716, prunes 705654, fallbacks 0
    lm2joint[live]: consults 12032275 (+914989), misses 609858 (+27981), keys 955697, prunes 757047, fallbacks 0
    lm2joint[live]: consults 13273360 (+1241085), misses 641833 (+31975), keys 987672, prunes 825372, fallbacks 0
    lm2joint[live]: consults 14419012 (+1145652), misses 663899 (+22066), keys 1009738, prunes 877493, fallbacks 0
    lm2joint[live]: consults 15019423 (+600411), misses 689434 (+25535), keys 1035273, prunes 922966, fallbacks 0
    lm2joint[live]: consults 15837541 (+818118), misses 720533 (+31099), keys 1066371, prunes 983381, fallbacks 0
    lm2joint[live]: consults 16953213 (+1115672), misses 750569 (+30036), keys 1096407, prunes 1047490, fallbacks 0
    lm2joint[live]: consults 18715443 (+1762230), misses 791769 (+41200), keys 1137606, prunes 1098791, fallbacks 0
    lm2joint[live]: consults 20369630 (+1654187), misses 832380 (+40611), keys 1178217, prunes 1159799, fallbacks 0
    lm2joint[live]: consults 22156248 (+1786618), misses 868112 (+35732), keys 1213950, prunes 1246264, fallbacks 0
    lm2joint[live]: consults 23275953 (+1119705), misses 894964 (+26852), keys 1240801, prunes 1315687, fallbacks 0
    lm2joint[live]: consults 24769428 (+1493475), misses 927017 (+32053), keys 1272854, prunes 1401733, fallbacks 0
    lm2joint[live]: consults 26146969 (+1377541), misses 954679 (+27662), keys 1300516, prunes 1463316, fallbacks 0
    lm2joint[live]: consults 27700587 (+1553618), misses 985088 (+30409), keys 1330924, prunes 1577025, fallbacks 0
    lm2joint[live]: consults 29017443 (+1316856), misses 1010326 (+25238), keys 1356162, prunes 1651697, fallbacks 0
    lm2joint[live]: consults 29804420 (+786977), misses 1032700 (+22374), keys 1378536, prunes 1726397, fallbacks 0
    lm2joint[live]: consults 30984076 (+1179656), misses 1058300 (+25600), keys 1404136, prunes 1820977, fallbacks 0
    lm2joint[live]: consults 32299580 (+1315504), misses 1083462 (+25162), keys 1429298, prunes 1908097, fallbacks 0
    lm2joint[live]: consults 33028854 (+729274), misses 1102457 (+18995), keys 1448293, prunes 1962678, fallbacks 0
    lm2joint[live]: consults 33847144 (+818290), misses 1125050 (+22593), keys 1470886, prunes 2008999, fallbacks 0
    lm2joint[live]: consults 35471187 (+1624043), misses 1153397 (+28347), keys 1499234, prunes 2119542, fallbacks 0
    lm2joint[live]: consults 37842017 (+2370830), misses 1186019 (+32622), keys 1531855, prunes 2276058, fallbacks 0
    lm2joint[live]: consults 39045185 (+1203168), misses 1212434 (+26415), keys 1558270, prunes 2335579, fallbacks 0
    lm2joint[live]: consults 40758824 (+1713639), misses 1235812 (+23378), keys 1581648, prunes 2460277, fallbacks 0
    lm2joint[live]: consults 41986720 (+1227896), misses 1259669 (+23857), keys 1605504, prunes 2532834, fallbacks 0
    lm2joint[live]: consults 42923631 (+936911), misses 1283686 (+24017), keys 1629522, prunes 2571614, fallbacks 0
    lm2joint[live]: consults 44336185 (+1412554), misses 1312700 (+29014), keys 1658535, prunes 2609754, fallbacks 0
    lm2joint[live]: consults 46027615 (+1691430), misses 1338932 (+26232), keys 1684767, prunes 2683592, fallbacks 0
    lm2joint[live]: consults 47726938 (+1699323), misses 1367347 (+28415), keys 1713182, prunes 2750789, fallbacks 0
    lm2joint[live]: consults 49253319 (+1526381), misses 1384649 (+17302), keys 1730484, prunes 2817899, fallbacks 0
    lm2joint[live]: consults 51647328 (+2394009), misses 1402627 (+17978), keys 1748462, prunes 2886577, fallbacks 0
    lm2joint[live]: consults 53669843 (+2022515), misses 1425146 (+22519), keys 1770981, prunes 3006126, fallbacks 0
    lm2joint[live]: consults 56074146 (+2404303), misses 1449073 (+23927), keys 1794907, prunes 3115593, fallbacks 0
    lm2joint[live]: consults 58676803 (+2602657), misses 1470554 (+21481), keys 1816388, prunes 3230466, fallbacks 0
    lm2joint[live]: consults 60272949 (+1596146), misses 1491127 (+20573), keys 1836961, prunes 3309354, fallbacks 0
    lm2joint[live]: consults 62695831 (+2422882), misses 1520786 (+29659), keys 1866621, prunes 3418582, fallbacks 0
    lm2joint[live]: consults 67632714 (+4936883), misses 1559137 (+38351), keys 1904971, prunes 3626555, fallbacks 0
    lm2joint[live]: consults 70409202 (+2776488), misses 1584643 (+25506), keys 1930473, prunes 3834071, fallbacks 0
    lm2joint[live]: consults 72422796 (+2013594), misses 1606860 (+22217), keys 1952688, prunes 3976818, fallbacks 0
    lm2joint[live]: consults 75748422 (+3325626), misses 1636020 (+29160), keys 1981849, prunes 4244193, fallbacks 0
    lm2joint[live]: consults 77800423 (+2052001), misses 1663297 (+27277), keys 2009125, prunes 4427944, fallbacks 0
    lm2joint[live]: consults 80002126 (+2201703), misses 1688395 (+25098), keys 2034223, prunes 4582700, fallbacks 0
    lm2joint[live]: consults 82302222 (+2300096), misses 1710907 (+22512), keys 2056735, prunes 4753436, fallbacks 0
    lm2joint[live]: consults 87237595 (+4935373), misses 1744691 (+33784), keys 2090519, prunes 5173325, fallbacks 0
    lm2joint[live]: consults 89648052 (+2410457), misses 1773416 (+28725), keys 2119244, prunes 5370284, fallbacks 0
    lm2joint[live]: consults 91923419 (+2275367), misses 1801576 (+28160), keys 2147404, prunes 5559686, fallbacks 0
    lm2joint[live]: consults 93488047 (+1564628), misses 1825330 (+23754), keys 2171160, prunes 5697065, fallbacks 0
    lm2joint[live]: consults 96800384 (+3312337), misses 1852447 (+27117), keys 2198273, prunes 5917610, fallbacks 0
    lm2joint[live]: consults 99388375 (+2587991), misses 1876268 (+23821), keys 2222093, prunes 6074581, fallbacks 0
    lm2joint[live]: consults 102533484 (+3145109), misses 1899496 (+23228), keys 2245321, prunes 6316057, fallbacks 0
    lm2joint[live]: consults 105202216 (+2668732), misses 1930273 (+30777), keys 2276096, prunes 6524941, fallbacks 0
    lm2joint[live]: consults 109558613 (+4356397), misses 1961440 (+31167), keys 2307263, prunes 6899369, fallbacks 0
    lm2joint[live]: consults 113254983 (+3696370), misses 1987153 (+25713), keys 2332978, prunes 7289661, fallbacks 0
    lm2joint[live]: consults 115487089 (+2232106), misses 2014431 (+27278), keys 2360255, prunes 7497794, fallbacks 0
    lm2joint[live]: consults 117032031 (+1544942), misses 2030410 (+15979), keys 2376233, prunes 7650766, fallbacks 0
    lm2joint[live]: consults 118374039 (+1342008), misses 2046554 (+16144), keys 2392376, prunes 7749572, fallbacks 0
    lm2joint[live]: consults 120969366 (+2595327), misses 2066400 (+19846), keys 2412222, prunes 7948737, fallbacks 0
    lm2joint[live]: consults 123014440 (+2045074), misses 2087553 (+21153), keys 2433375, prunes 8145575, fallbacks 0
    lm2joint[live]: consults 124953963 (+1939523), misses 2106204 (+18651), keys 2452026, prunes 8310598, fallbacks 0
    lm2joint[live]: consults 126920146 (+1966183), misses 2125597 (+19393), keys 2471419, prunes 8511897, fallbacks 0
    lm2joint[live]: consults 129062217 (+2142071), misses 2145754 (+20157), keys 2491577, prunes 8730563, fallbacks 0
    lm2joint[live]: consults 133072015 (+4009798), misses 2176841 (+31087), keys 2522663, prunes 9087887, fallbacks 0
    lm2joint[live]: consults 135780205 (+2708190), misses 2213373 (+36532), keys 2559195, prunes 9277909, fallbacks 0
    lm2joint[live]: consults 140031639 (+4251434), misses 2242706 (+29333), keys 2588528, prunes 9689791, fallbacks 0
    lm2joint[live]: consults 146042536 (+6010897), misses 2279778 (+37072), keys 2625600, prunes 10177595, fallbacks 0
    lm2joint[live]: consults 149305606 (+3263070), misses 2305936 (+26158), keys 2651761, prunes 10459906, fallbacks 0
    lm2joint[live]: consults 153548430 (+4242824), misses 2328020 (+22084), keys 2673843, prunes 10877775, fallbacks 0
    lm2joint[live]: consults 157958771 (+4410341), misses 2355495 (+27475), keys 2701317, prunes 11291017, fallbacks 0
    lm2joint[live]: consults 161947335 (+3988564), misses 2383159 (+27664), keys 2728981, prunes 11777604, fallbacks 0
    lm2joint[live]: consults 167505862 (+5558527), misses 2414191 (+31032), keys 2760015, prunes 12202768, fallbacks 0
    lm2joint[live]: consults 173465663 (+5959801), misses 2445193 (+31002), keys 2791015, prunes 12724290, fallbacks 0
    lm2joint[live]: consults 178890333 (+5424670), misses 2474403 (+29210), keys 2820224, prunes 13238624, fallbacks 0
    lm2joint[live]: consults 185384705 (+6494372), misses 2507402 (+32999), keys 2853223, prunes 13763353, fallbacks 0
    lm2joint[live]: consults 191238928 (+5854223), misses 2541535 (+34133), keys 2887357, prunes 14284231, fallbacks 0
    lm2joint[live]: consults 197368123 (+6129195), misses 2574196 (+32661), keys 2920017, prunes 14855537, fallbacks 0
    lm2joint[live]: consults 205894544 (+8526421), misses 2607992 (+33796), keys 2953814, prunes 15693598, fallbacks 0
    lm2joint[live]: consults 215761178 (+9866634), misses 2636596 (+28604), keys 2982418, prunes 16535032, fallbacks 0
    lm2joint[live]: consults 222021647 (+6260469), misses 2667816 (+31220), keys 3013636, prunes 17244268, fallbacks 0
    lm2joint[live]: consults 229185796 (+7164149), misses 2704611 (+36795), keys 3050432, prunes 17980114, fallbacks 0
    lm2joint[live]: consults 236666839 (+7481043), misses 2736675 (+32064), keys 3082495, prunes 18702607, fallbacks 0
    lm2joint[live]: consults 244917281 (+8250442), misses 2767579 (+30904), keys 3113400, prunes 19551232, fallbacks 0
    lm2joint[live]: consults 255935214 (+11017933), misses 2803640 (+36061), keys 3149460, prunes 20452785, fallbacks 0
    lm2joint[live]: consults 264437296 (+8502082), misses 2838669 (+35029), keys 3184489, prunes 21118096, fallbacks 0
    lm2joint[live]: consults 270970439 (+6533143), misses 2869122 (+30453), keys 3214942, prunes 21665209, fallbacks 0
    lm2joint[live]: consults 277915863 (+6945424), misses 2899777 (+30655), keys 3245596, prunes 22231456, fallbacks 0
    lm2joint[live]: consults 284551789 (+6635926), misses 2925752 (+25975), keys 3271571, prunes 22748866, fallbacks 0
    lm2joint[live]: consults 290476301 (+5924512), misses 2951967 (+26215), keys 3297786, prunes 23339157, fallbacks 0
    lm2joint[live]: consults 296838411 (+6362110), misses 2979080 (+27113), keys 3324900, prunes 23975704, fallbacks 0
    lm2joint[live]: consults 301163382 (+4324971), misses 3000280 (+21200), keys 3346099, prunes 24259667, fallbacks 0
    lm2joint[live]: consults 306438027 (+5274645), misses 3022947 (+22667), keys 3368766, prunes 24722933, fallbacks 0
    lm2joint[live]: consults 314319515 (+7881488), misses 3046589 (+23642), keys 3392408, prunes 25387920, fallbacks 0
    lm2joint[live]: consults 320339763 (+6020248), misses 3069001 (+22412), keys 3414819, prunes 25921206, fallbacks 0
    lm2joint[live]: consults 326548009 (+6208246), misses 3093331 (+24330), keys 3439148, prunes 26385488, fallbacks 0
    lm2joint[live]: consults 336573461 (+10025452), misses 3127555 (+34224), keys 3473374, prunes 27229316, fallbacks 0
    lm2joint[live]: consults 350561570 (+13988109), misses 3165675 (+38120), keys 3511493, prunes 28155433, fallbacks 0
